[neopress] recolección (2026-08-16)
  fetch El País...
  [ok] El País (espana): 8 items
  fetch El Mundo...
  [ok] El Mundo (espana): 8 items
  fetch La Vanguardia...
  [ok] La Vanguardia (espana): 8 items
  fetch ElDiario.es...
  [ok] ElDiario.es (espana): 8 items
  fetch Levante-EMV...
  [ok] Levante-EMV (espana): 8 items
  fetch Clarín...
  [ok] Clarín (argentina): 8 items
  fetch La Nación...
  [ok] La Nación (argentina): 8 items
  fetch Página/12...
  [ok] Página/12 (argentina): 0 items
  fetch Perfil...
  [ok] Perfil (argentina): 8 items
  fetch Xataka...
  [ok] Xataka (tech): 8 items
  fetch Genbeta...
  [ok] Genbeta (tech): 8 items
  fetch Hipertextual...
  [ok] Hipertextual (tech): 8 items
  fetch RiesgosAI...
  [ok] RiesgosAI (tech): 0 items
  fetch Posteritas...
  [ok] Posteritas (tech): 8 items
  fetch El Gato y La Caja...
  [ok] El Gato y La Caja (ciencia): 1 items
  fetch Jot Down...
  [ok] Jot Down (ciencia): 8 items
  fetch Letras Libres...
  [ok] Letras Libres (ciencia): 8 items
  fetch Revista de Libros...
  [ok] Revista de Libros (ciencia): 8 items
  fetch Ethic...
  [ok] Ethic (ciencia): 8 items
  fetch Anfibia...
  [ok] Anfibia (ciencia): 8 items
  fetch Aeon...
  [ok] Aeon (ciencia): 8 items
  fetch Quanta Magazine...
  [ok] Quanta Magazine (ciencia): 5 items
  fetch Nautilus...
  [ok] Nautilus (ciencia): 8 items
  fetch The Marginalian...
  [ok] The Marginalian (ciencia): 8 items
  fetch Reddit r/popular...
  [ok] Reddit r/popular (reddit): 8 items
  fetch Reddit r/technology...
  [ok] Reddit r/technology (reddit): 8 items
  fetch Reddit r/argentina...
  [ERR] Reddit r/argentina: HTTP Error 429: Too Many Requests

-> /home/gian/neopress/diarios/2026-08-16.json  |  182 items de 27 fuentes
[neopress] clima
[neopress] redacción
generate.sh: line 34: titulo:: command not found
Listo. Escribí los dos archivos:

- `/home/gian/neopress/diarios/2026-08-16.md` (17.2 KB, 132 líneas)
- `/home/gian/neopress/diarios/2026-08-16.briefing.md` (6.4 KB, 72 líneas)

Resumen del criterio aplicado:

- **Filtro:** fuera horóscopos, resultados de lotería, deportes de clubes rutinarios, reseñas livianas de entretenimiento, crónica roja local menor e items de diciembre de 2025.
- **Fusiones:** Ceuta/Ormuz/política española tratados como hilos únicos con múltiples caras.
- **Voz:** español rioplatense, directo, sin clickbait.
- **Formato:** frontmatter con `fecha` y `titulo`, seis secciones con titular, contexto, 2-3 citas y 3-5 titulares cada una; el Chapuzón usa “Hilos del día”.
- **Material:** todo sacado del JSON, sin inventar datos ni links.
[neopress] listo: /home/gian/neopress/diarios/2026-08-16.md + .briefing.md
