[neopress] recolección (2026-08-15)
  fetch El País...
  [ok] El País (espana): 8 items
  fetch El Mundo...
  [ok] El Mundo (espana): 8 items
  fetch La Vanguardia...
  [ok] La Vanguardia (espana): 8 items
  fetch ElDiario.es...
  [ok] ElDiario.es (espana): 8 items
  fetch Levante-EMV...
  [ok] Levante-EMV (espana): 8 items
  fetch Clarín...
  [ok] Clarín (argentina): 8 items
  fetch La Nación...
  [ok] La Nación (argentina): 8 items
  fetch Página/12...
  [ok] Página/12 (argentina): 0 items
  fetch Perfil...
  [ok] Perfil (argentina): 8 items
  fetch Xataka...
  [ok] Xataka (tech): 8 items
  fetch Genbeta...
  [ok] Genbeta (tech): 8 items
  fetch Hipertextual...
  [ok] Hipertextual (tech): 8 items
  fetch RiesgosAI...
  [ok] RiesgosAI (tech): 0 items
  fetch Posteritas...
  [ok] Posteritas (tech): 8 items
  fetch El Gato y La Caja...
  [ok] El Gato y La Caja (ciencia): 1 items
  fetch Jot Down...
  [ok] Jot Down (ciencia): 8 items
  fetch Letras Libres...
  [ok] Letras Libres (ciencia): 8 items
  fetch Revista de Libros...
  [ERR] Revista de Libros: The read operation timed out
  fetch Ethic...
  [ok] Ethic (ciencia): 8 items
  fetch Anfibia...
  [ok] Anfibia (ciencia): 8 items
  fetch Aeon...
  [ok] Aeon (ciencia): 8 items
  fetch Quanta Magazine...
  [ok] Quanta Magazine (ciencia): 5 items
  fetch Nautilus...
  [ok] Nautilus (ciencia): 8 items
  fetch The Marginalian...
  [ok] The Marginalian (ciencia): 8 items
  fetch Reddit r/popular...
  [ok] Reddit r/popular (reddit): 8 items
  fetch Reddit r/technology...
  [ERR] Reddit r/technology: HTTP Error 429: Too Many Requests
  fetch Reddit r/argentina...
  [ERR] Reddit r/argentina: HTTP Error 429: Too Many Requests

-> /home/gian/neopress/diarios/2026-08-15.json  |  166 items de 27 fuentes
[neopress] clima
[neopress] redacción
generate.sh: line 23: titulo:: command not found
Listo. Escribí los dos archivos:

- `/home/gian/neopress/diarios/2026-08-15.md`
- `/home/gian/neopress/diarios/2026-08-15.briefing.md`

**Resumen de lo que hice:**

- Leí 27 feeds, ~166 notas.
- Destaqué 30 titulares, 5 por sección.
- Filtré ruido: columnas de opinión vacías de El País, notas recicladas de diciembre de 2025 en Genbeta, fotogalerías deportivas, farándula política, self-help individual y repeticiones de Ceuta/Granada.
- Mantuve objetividad activa en temas polémicos: Ceuta (control marroquí vs. desbordamiento español), Valencia (patrullas de extrema derecha), Argentina (críticas a la política económica).
- Voz rioplatense, directa, sin clickbait.

**Titular del día en el frontmatter:** "Ceuta en vilo, Granada tiembla y la IA sigue avanzando".
[neopress] listo: /home/gian/neopress/diarios/2026-08-15.md + .briefing.md
